// Jest Snapshot v1, https://goo.gl/fbAQLP

exports[`Render Home page 1`] = `
<div
  className="Home"
  id="Home"
>
  <header
    className="Home__header"
  >
    <h1
      className="Home__title"
    >
      The Open Source Computer Science degree
    </h1>
  </header>
  <Description />
</div>
`;
